// Jest Snapshot v1, https://goo.gl/fbAQLP

exports[`Slider is rendered 1`] = `
<div
  className="spinner"
>
  <div />
  <div />
  <div />
  <div />
  <div />
  <div />
  <div />
  <div />
</div>
`;
